src/app/page.tsx(6,28): error TS4111: Property 'page' comes from an index signature, so it must be accessed with ['page'].
src/app/page.tsx(7,31): error TS4111: Property 'main' comes from an index signature, so it must be accessed with ['main'].
src/app/page.tsx(9,29): error TS4111: Property 'logo' comes from an index signature, so it must be accessed with ['logo'].
src/app/page.tsx(16,32): error TS4111: Property 'intro' comes from an index signature, so it must be accessed with ['intro'].
src/app/page.tsx(38,32): error TS4111: Property 'ctas' comes from an index signature, so it must be accessed with ['ctas'].
src/app/page.tsx(40,31): error TS4111: Property 'primary' comes from an index signature, so it must be accessed with ['primary'].
src/app/page.tsx(46,33): error TS4111: Property 'logo' comes from an index signature, so it must be accessed with ['logo'].
src/app/page.tsx(55,31): error TS4111: Property 'secondary' comes from an index signature, so it must be accessed with ['secondary'].
src/lib/api/client.ts(10,10): error TS6133: 'z' is declared but its value is never read.
src/lib/api/client.ts(17,34): error TS4111: Property 'NEXT_PUBLIC_API_URL' comes from an index signature, so it must be accessed with ['NEXT_PUBLIC_API_URL'].
src/lib/auth0.ts(5,25): error TS4111: Property 'NEXT_PUBLIC_AUTH0_DOMAIN' comes from an index signature, so it must be accessed with ['NEXT_PUBLIC_AUTH0_DOMAIN'].
src/lib/auth0.ts(6,27): error TS4111: Property 'NEXT_PUBLIC_AUTH0_CLIENT_ID' comes from an index signature, so it must be accessed with ['NEXT_PUBLIC_AUTH0_CLIENT_ID'].
src/lib/auth0.ts(7,27): error TS4111: Property 'NEXT_PUBLIC_AUTH0_AUDIENCE' comes from an index signature, so it must be accessed with ['NEXT_PUBLIC_AUTH0_AUDIENCE'].
