#1 [internal] load local bake definitions
#1 reading from stdin 563B 0.0s done
#1 DONE 0.0s

#2 [internal] load build definition from Dockerfile.test
#2 transferring dockerfile: 1.11kB 0.0s done
#2 DONE 0.0s

#3 [internal] load metadata for docker.io/library/python:3.11-slim
#3 ERROR: failed to do request: Head "https://registry-1.docker.io/v2/library/python/manifests/3.11-slim": dialing registry-1.docker.io:443 container via direct connection because static system has no HTTPS proxy: connecting to registry-1.docker.io:443: dial tcp: lookup registry-1.docker.io: no such host
------
 > [internal] load metadata for docker.io/library/python:3.11-slim:
------
